::1 - - [19/Feb/2026:00:25:12 +0300] "GET /MAMP/ HTTP/1.1" 200 3449
::1 - - [19/Feb/2026:00:25:12 +0300] "GET /MAMP/css/bootstrap.css HTTP/1.1" 200 126432
::1 - - [19/Feb/2026:00:25:12 +0300] "GET /MAMP/css/style.css?t=1771449912 HTTP/1.1" 200 6814
::1 - - [19/Feb/2026:00:25:12 +0300] "GET /MAMP/css/screen.css HTTP/1.1" 200 1414
::1 - - [19/Feb/2026:00:25:12 +0300] "GET /MAMP/feed/images/627.png HTTP/1.1" 200 6932
::1 - - [19/Feb/2026:00:25:12 +0300] "GET /MAMP/feed/images/923.png HTTP/1.1" 200 3046
::1 - - [19/Feb/2026:00:25:12 +0300] "GET /MAMP/images/headers/mamppro.png HTTP/1.1" 200 31953
::1 - - [19/Feb/2026:00:25:12 +0300] "GET /MAMP/images/headers/cloud.png HTTP/1.1" 200 33252
::1 - - [19/Feb/2026:00:25:12 +0300] "GET /MAMP/js/bootstrap.min.js HTTP/1.1" 200 27748
::1 - - [19/Feb/2026:00:25:12 +0300] "GET /MAMP/js/jquery-1.10.2.min.js HTTP/1.1" 200 93107
::1 - - [19/Feb/2026:00:25:12 +0300] "GET /MAMP/images/headers/news.png HTTP/1.1" 200 35501
::1 - - [19/Feb/2026:00:25:13 +0300] "GET /MAMP/images/favicon.ico HTTP/1.1" 200 1150
::1 - - [19/Feb/2026:00:25:14 +0300] "GET /MAMP/feed/needsUpdate.txt HTTP/1.1" 200 1
::1 - - [19/Feb/2026:00:25:19 +0300] "GET /MAMP/feed/images/637.png HTTP/1.1" 200 1049
::1 - - [19/Feb/2026:00:26:31 +0300] "GET /MAMP/phpmyadmin.php?lang=en HTTP/1.1" 302 20
::1 - - [19/Feb/2026:00:26:31 +0300] "GET /phpMyAdmin/?lang=en HTTP/1.1" 302 20
::1 - - [19/Feb/2026:00:26:31 +0300] "GET /phpMyAdmin5/ HTTP/1.1" 200 127643
::1 - - [19/Feb/2026:00:26:31 +0300] "GET /phpMyAdmin5/themes/pmahomme/jquery/jquery-ui.css HTTP/1.1" 200 36566
::1 - - [19/Feb/2026:00:26:31 +0300] "GET /phpMyAdmin5/js/vendor/codemirror/lib/codemirror.css?v=5.1.2 HTTP/1.1" 200 8709
::1 - - [19/Feb/2026:00:26:31 +0300] "GET /phpMyAdmin5/js/vendor/codemirror/addon/hint/show-hint.css?v=5.1.2 HTTP/1.1" 200 623
::1 - - [19/Feb/2026:00:26:31 +0300] "GET /phpMyAdmin5/js/vendor/codemirror/addon/lint/lint.css?v=5.1.2 HTTP/1.1" 200 3035
::1 - - [19/Feb/2026:00:26:31 +0300] "GET /phpMyAdmin5/themes/pmahomme/css/theme.css?v=5.1.2&nocache=587006213ltr&server=1 HTTP/1.1" 200 216144
::1 - - [19/Feb/2026:00:26:31 +0300] "GET /phpMyAdmin5/js/vendor/jquery/jquery.min.js?v=5.1.2 HTTP/1.1" 200 89501
::1 - - [19/Feb/2026:00:26:31 +0300] "GET /phpMyAdmin5/js/vendor/jquery/jquery-migrate.js?v=5.1.2 HTTP/1.1" 200 25300
::1 - - [19/Feb/2026:00:26:31 +0300] "GET /phpMyAdmin5/js/dist/ajax.js?v=5.1.2 HTTP/1.1" 200 31330
::1 - - [19/Feb/2026:00:26:31 +0300] "GET /phpMyAdmin5/js/dist/keyhandler.js?v=5.1.2 HTTP/1.1" 200 3003
::1 - - [19/Feb/2026:00:26:31 +0300] "GET /phpMyAdmin5/js/vendor/sprintf.js?v=5.1.2 HTTP/1.1" 200 7409
::1 - - [19/Feb/2026:00:26:31 +0300] "GET /phpMyAdmin5/js/vendor/bootstrap/bootstrap.bundle.min.js?v=5.1.2 HTTP/1.1" 200 83253
::1 - - [19/Feb/2026:00:26:31 +0300] "GET /phpMyAdmin5/js/vendor/js.cookie.js?v=5.1.2 HTTP/1.1" 200 3883
::1 - - [19/Feb/2026:00:26:31 +0300] "GET /phpMyAdmin5/js/vendor/jquery/jquery-ui.min.js?v=5.1.2 HTTP/1.1" 200 253669
::1 - - [19/Feb/2026:00:26:31 +0300] "GET /phpMyAdmin5/js/vendor/jquery/jquery.mousewheel.js?v=5.1.2 HTTP/1.1" 200 8267
::1 - - [19/Feb/2026:00:26:31 +0300] "GET /phpMyAdmin5/js/vendor/jquery/jquery.validate.js?v=5.1.2 HTTP/1.1" 200 50963
::1 - - [19/Feb/2026:00:26:31 +0300] "GET /phpMyAdmin5/js/vendor/jquery/jquery-ui-timepicker-addon.js?v=5.1.2 HTTP/1.1" 200 78475
::1 - - [19/Feb/2026:00:26:31 +0300] "GET /phpMyAdmin5/js/vendor/jquery/jquery.ba-hashchange-2.0.js?v=5.1.2 HTTP/1.1" 200 10505
::1 - - [19/Feb/2026:00:26:31 +0300] "GET /phpMyAdmin5/js/vendor/jquery/jquery.debounce-1.0.6.js?v=5.1.2 HTTP/1.1" 200 1608
::1 - - [19/Feb/2026:00:26:31 +0300] "GET /phpMyAdmin5/js/dist/menu_resizer.js?v=5.1.2 HTTP/1.1" 200 5687
::1 - - [19/Feb/2026:00:26:31 +0300] "GET /phpMyAdmin5/js/dist/rte.js?v=5.1.2 HTTP/1.1" 200 40074
::1 - - [19/Feb/2026:00:26:31 +0300] "GET /phpMyAdmin5/js/vendor/tracekit.js?v=5.1.2 HTTP/1.1" 200 47128
::1 - - [19/Feb/2026:00:26:31 +0300] "GET /phpMyAdmin5/js/dist/error_report.js?v=5.1.2 HTTP/1.1" 200 9664
::1 - - [19/Feb/2026:00:26:31 +0300] "GET /phpMyAdmin5/js/dist/config.js?v=5.1.2 HTTP/1.1" 200 25448
::1 - - [19/Feb/2026:00:26:31 +0300] "GET /phpMyAdmin5/js/dist/doclinks.js?v=5.1.2 HTTP/1.1" 200 18292
::1 - - [19/Feb/2026:00:26:31 +0300] "GET /phpMyAdmin5/js/dist/navigation.js?v=5.1.2 HTTP/1.1" 200 54679
::1 - - [19/Feb/2026:00:26:31 +0300] "GET /phpMyAdmin5/js/dist/functions.js?v=5.1.2 HTTP/1.1" 200 161124
::1 - - [19/Feb/2026:00:26:31 +0300] "GET /phpMyAdmin5/js/dist/indexes.js?v=5.1.2 HTTP/1.1" 200 26322
::1 - - [19/Feb/2026:00:26:31 +0300] "GET /phpMyAdmin5/js/dist/drag_drop_import.js?v=5.1.2 HTTP/1.1" 200 12308
::1 - - [19/Feb/2026:00:26:31 +0300] "GET /phpMyAdmin5/js/dist/common.js?v=5.1.2 HTTP/1.1" 200 4388
::1 - - [19/Feb/2026:00:26:31 +0300] "GET /phpMyAdmin5/js/dist/page_settings.js?v=5.1.2 HTTP/1.1" 200 1568
::1 - - [19/Feb/2026:00:26:31 +0300] "GET /phpMyAdmin5/js/dist/shortcuts_handler.js?v=5.1.2 HTTP/1.1" 200 3326
::1 - - [19/Feb/2026:00:26:31 +0300] "GET /phpMyAdmin5/js/vendor/codemirror/lib/codemirror.js?v=5.1.2 HTTP/1.1" 200 399842
::1 - - [19/Feb/2026:00:26:31 +0300] "GET /phpMyAdmin5/js/vendor/codemirror/mode/sql/sql.js?v=5.1.2 HTTP/1.1" 200 47998
::1 - - [19/Feb/2026:00:26:31 +0300] "GET /phpMyAdmin5/js/vendor/codemirror/addon/runmode/runmode.js?v=5.1.2 HTTP/1.1" 200 2773
::1 - - [19/Feb/2026:00:26:31 +0300] "GET /phpMyAdmin5/js/vendor/codemirror/addon/hint/show-hint.js?v=5.1.2 HTTP/1.1" 200 19979
::1 - - [19/Feb/2026:00:26:31 +0300] "GET /phpMyAdmin5/js/vendor/codemirror/addon/hint/sql-hint.js?v=5.1.2 HTTP/1.1" 200 9604
::1 - - [19/Feb/2026:00:26:31 +0300] "GET /phpMyAdmin5/js/vendor/codemirror/addon/lint/lint.js?v=5.1.2 HTTP/1.1" 200 9985
::1 - - [19/Feb/2026:00:26:31 +0300] "GET /phpMyAdmin5/js/dist/console.js?v=5.1.2 HTTP/1.1" 200 49699
::1 - - [19/Feb/2026:00:26:31 +0300] "GET /phpMyAdmin5/js/dist/codemirror/addon/lint/sql-lint.js?v=5.1.2 HTTP/1.1" 200 959
::1 - - [19/Feb/2026:00:26:31 +0300] "GET /phpMyAdmin5/themes/pmahomme/img/logo_left.png HTTP/1.1" 200 2713
::1 - - [19/Feb/2026:00:26:31 +0300] "GET /phpMyAdmin5/themes/dot.gif HTTP/1.1" 200 43
::1 - - [19/Feb/2026:00:26:31 +0300] "GET /phpMyAdmin5/themes/pmahomme/css/printview.css?v=5.1.2 HTTP/1.1" 200 1392
::1 - - [19/Feb/2026:00:26:31 +0300] "GET /phpMyAdmin5/js/messages.php?l=ru&v=5.1.2&lang=ru HTTP/1.1" 200 12915
::1 - - [19/Feb/2026:00:26:32 +0300] "GET /phpMyAdmin5/themes/pmahomme/img/left_nav_bg.png HTTP/1.1" 200 146
::1 - - [19/Feb/2026:00:26:32 +0300] "GET /phpMyAdmin5/themes/pmahomme/img/s_loggoff.png HTTP/1.1" 200 626
::1 - - [19/Feb/2026:00:26:32 +0300] "GET /phpMyAdmin5/themes/pmahomme/img/b_home.png HTTP/1.1" 200 734
::1 - - [19/Feb/2026:00:26:32 +0300] "GET /phpMyAdmin5/themes/pmahomme/img/b_sqlhelp.png HTTP/1.1" 200 512
::1 - - [19/Feb/2026:00:26:32 +0300] "GET /phpMyAdmin5/themes/pmahomme/img/b_docs.png HTTP/1.1" 200 705
::1 - - [19/Feb/2026:00:26:32 +0300] "GET /phpMyAdmin5/themes/pmahomme/img/s_cog.png HTTP/1.1" 200 442
::1 - - [19/Feb/2026:00:26:32 +0300] "GET /phpMyAdmin5/themes/pmahomme/img/s_reload.png HTTP/1.1" 200 527
::1 - - [19/Feb/2026:00:26:32 +0300] "GET /phpMyAdmin5/themes/pmahomme/img/s_link.png HTTP/1.1" 200 280
::1 - - [19/Feb/2026:00:26:32 +0300] "GET /phpMyAdmin5/themes/pmahomme/img/b_newdb.png HTTP/1.1" 200 585
::1 - - [19/Feb/2026:00:26:32 +0300] "GET /phpMyAdmin5/themes/pmahomme/img/b_plus.png HTTP/1.1" 200 143
::1 - - [19/Feb/2026:00:26:32 +0300] "GET /phpMyAdmin5/themes/pmahomme/img/s_db.png HTTP/1.1" 200 328
::1 - - [19/Feb/2026:00:26:32 +0300] "GET /phpMyAdmin5/themes/pmahomme/img/s_host.png HTTP/1.1" 200 591
::1 - - [19/Feb/2026:00:26:32 +0300] "GET /phpMyAdmin5/themes/pmahomme/img/b_sql.png HTTP/1.1" 200 680
::1 - - [19/Feb/2026:00:26:32 +0300] "GET /phpMyAdmin5/themes/pmahomme/img/s_status.png HTTP/1.1" 200 600
::1 - - [19/Feb/2026:00:26:32 +0300] "GET /phpMyAdmin5/themes/pmahomme/img/s_rights.png HTTP/1.1" 200 461
::1 - - [19/Feb/2026:00:26:32 +0300] "GET /phpMyAdmin5/themes/pmahomme/img/b_export.png HTTP/1.1" 200 514
::1 - - [19/Feb/2026:00:26:32 +0300] "GET /phpMyAdmin5/themes/pmahomme/img/b_import.png HTTP/1.1" 200 556
::1 - - [19/Feb/2026:00:26:32 +0300] "GET /phpMyAdmin5/themes/pmahomme/img/b_tblops.png HTTP/1.1" 200 537
::1 - - [19/Feb/2026:00:26:32 +0300] "GET /phpMyAdmin5/themes/pmahomme/img/s_replication.png HTTP/1.1" 200 399
::1 - - [19/Feb/2026:00:26:32 +0300] "GET /phpMyAdmin5/themes/pmahomme/img/s_vars.png HTTP/1.1" 200 523
::1 - - [19/Feb/2026:00:26:32 +0300] "GET /phpMyAdmin5/themes/pmahomme/img/s_asci.png HTTP/1.1" 200 148
::1 - - [19/Feb/2026:00:26:32 +0300] "GET /phpMyAdmin5/themes/pmahomme/img/b_engine.png HTTP/1.1" 200 398
::1 - - [19/Feb/2026:00:26:32 +0300] "GET /phpMyAdmin5/themes/pmahomme/img/b_plugin.png HTTP/1.1" 200 512
::1 - - [19/Feb/2026:00:26:32 +0300] "GET /phpMyAdmin5/themes/pmahomme/img/s_top.png HTTP/1.1" 200 220
::1 - - [19/Feb/2026:00:26:32 +0300] "GET /phpMyAdmin5/themes/pmahomme/img/console.png HTTP/1.1" 200 292
::1 - - [19/Feb/2026:00:26:32 +0300] "GET /phpMyAdmin5/themes/pmahomme/img/b_help.png HTTP/1.1" 200 705
::1 - - [19/Feb/2026:00:26:32 +0300] "GET /phpMyAdmin5/themes/pmahomme/img/s_lang.png HTTP/1.1" 200 659
::1 - - [19/Feb/2026:00:26:32 +0300] "GET /phpMyAdmin5/themes/pmahomme/img/window-new.png HTTP/1.1" 200 468
::1 - - [19/Feb/2026:00:26:32 +0300] "GET /phpMyAdmin5/themes/pmahomme/img/s_theme.png HTTP/1.1" 200 772
::1 - - [19/Feb/2026:00:26:32 +0300] "GET /phpMyAdmin5/themes/pmahomme/img/b_more.png HTTP/1.1" 200 111
::1 - - [19/Feb/2026:00:26:32 +0300] "GET /phpMyAdmin5/favicon.ico HTTP/1.1" 200 22486
::1 - - [19/Feb/2026:00:26:32 +0300] "POST /phpMyAdmin5/index.php?route=/config/get HTTP/1.1" 200 8744
::1 - - [19/Feb/2026:00:26:32 +0300] "POST /phpMyAdmin5/index.php?route=/config/get HTTP/1.1" 200 8566
::1 - - [19/Feb/2026:00:26:32 +0300] "POST /phpMyAdmin5/index.php?route=/navigation&ajax_request=1 HTTP/1.1" 200 15975
::1 - - [19/Feb/2026:00:26:32 +0300] "POST /phpMyAdmin5/index.php?route=/config/set HTTP/1.1" 200 8554
::1 - - [19/Feb/2026:00:32:23 +0300] "GET /phpMyAdmin5/themes/pmahomme/img/ajax_clock_small.gif HTTP/1.1" 200 1810
::1 - - [19/Feb/2026:00:32:23 +0300] "GET /phpMyAdmin5/index.php?route=/server/databases&server=1&ajax_request=true&ajax_page_request=true&_nocache=1771450343039259053&token=7236733c31594151785072706e7a7d3d HTTP/1.1" 200 92153
::1 - - [19/Feb/2026:00:32:23 +0300] "GET /phpMyAdmin5/themes/pmahomme/img/b_deltbl.png HTTP/1.1" 200 577
::1 - - [19/Feb/2026:00:32:23 +0300] "GET /phpMyAdmin5/themes/pmahomme/img/s_asc.png HTTP/1.1" 200 146
::1 - - [19/Feb/2026:00:32:23 +0300] "GET /phpMyAdmin5/themes/pmahomme/img/s_notice.png HTTP/1.1" 200 567
::1 - - [19/Feb/2026:00:32:23 +0300] "GET /phpMyAdmin5/themes/pmahomme/img/arrow_ltr.png HTTP/1.1" 200 101
::1 - - [19/Feb/2026:00:32:23 +0300] "GET /phpMyAdmin5/js/dist/server/databases.js?v=5.1.2 HTTP/1.1" 200 4917
::1 - - [19/Feb/2026:00:32:33 +0300] "POST /phpMyAdmin5/index.php?route=/server/databases/create HTTP/1.1" 200 10322
::1 - - [19/Feb/2026:00:32:34 +0300] "GET /phpMyAdmin5/themes/pmahomme/img/s_success.png HTTP/1.1" 200 465
::1 - - [19/Feb/2026:00:32:34 +0300] "POST /phpMyAdmin5/index.php?route=/navigation&ajax_request=1 HTTP/1.1" 200 17182
::1 - - [19/Feb/2026:00:32:34 +0300] "GET /phpMyAdmin5/index.php?route=/database/structure&db=courseproject&ajax_request=true&ajax_page_request=true&_nocache=1771450354036122430&token=7236733c31594151785072706e7a7d3d HTTP/1.1" 200 21038
::1 - - [19/Feb/2026:00:32:34 +0300] "GET /phpMyAdmin5/themes/pmahomme/img/b_props.png HTTP/1.1" 200 573
::1 - - [19/Feb/2026:00:32:34 +0300] "GET /phpMyAdmin5/themes/pmahomme/img/b_events.png HTTP/1.1" 200 703
::1 - - [19/Feb/2026:00:32:34 +0300] "GET /phpMyAdmin5/themes/pmahomme/img/b_search.png HTTP/1.1" 200 538
::1 - - [19/Feb/2026:00:32:34 +0300] "GET /phpMyAdmin5/themes/pmahomme/img/b_routines.png HTTP/1.1" 200 306
::1 - - [19/Feb/2026:00:32:34 +0300] "GET /phpMyAdmin5/themes/pmahomme/img/b_relations.png HTTP/1.1" 200 140
::1 - - [19/Feb/2026:00:32:34 +0300] "GET /phpMyAdmin5/themes/pmahomme/img/b_triggers.png HTTP/1.1" 200 446
::1 - - [19/Feb/2026:00:32:34 +0300] "GET /phpMyAdmin5/themes/pmahomme/img/b_table_add.png HTTP/1.1" 200 571
::1 - - [19/Feb/2026:00:32:34 +0300] "GET /phpMyAdmin5/js/dist/database/structure.js?v=5.1.2 HTTP/1.1" 200 15663
::1 - - [19/Feb/2026:00:32:34 +0300] "GET /phpMyAdmin5/js/dist/table/change.js?v=5.1.2 HTTP/1.1" 200 29079
::1 - - [19/Feb/2026:00:32:34 +0300] "POST /phpMyAdmin5/index.php?route=/navigation&ajax_request=1 HTTP/1.1" 200 8632
::1 - - [19/Feb/2026:00:32:34 +0300] "GET /phpMyAdmin5/themes/pmahomme/img/b_minus.png HTTP/1.1" 200 123
::1 - - [19/Feb/2026:00:32:37 +0300] "GET /phpMyAdmin5/index.php?route=/server/databases&server=1&ajax_request=true&ajax_page_request=true&_nocache=1771450357021761450&token=7236733c31594151785072706e7a7d3d HTTP/1.1" 200 94190
::1 - - [19/Feb/2026:00:32:37 +0300] "GET /phpMyAdmin5/index.php?route=/database/structure&server=1&db=courseproject&ajax_request=true&ajax_page_request=true&_nocache=1771450357549353685&token=7236733c31594151785072706e7a7d3d HTTP/1.1" 200 21038
::1 - - [19/Feb/2026:00:33:00 +0300] "GET /phpMyAdmin5/index.php?route=/database/structure&server=1&db=courseproject&ajax_request=true&ajax_page_request=true&_nocache=1771450380478948371&token=7236733c31594151785072706e7a7d3d HTTP/1.1" 200 21038
::1 - - [19/Feb/2026:00:33:01 +0300] "GET /phpMyAdmin5/index.php?route=/database/structure&server=1&db=courseproject&ajax_request=true&ajax_page_request=true&_nocache=1771450381462791317&token=7236733c31594151785072706e7a7d3d HTTP/1.1" 200 21038
::1 - - [19/Feb/2026:00:33:16 +0300] "GET /phpMyAdmin5/index.php?route=/database/structure&server=1&db=performance_schema&ajax_request=true&ajax_page_request=true&_nocache=1771450396231246319&token=7236733c31594151785072706e7a7d3d HTTP/1.1" 200 309353
::1 - - [19/Feb/2026:00:33:16 +0300] "GET /phpMyAdmin5/themes/pmahomme/img/b_browse.png HTTP/1.1" 200 486
::1 - - [19/Feb/2026:00:33:16 +0300] "GET /phpMyAdmin5/themes/pmahomme/img/b_no_favorite.png HTTP/1.1" 200 377
::1 - - [19/Feb/2026:00:33:16 +0300] "GET /phpMyAdmin5/themes/pmahomme/img/b_select.png HTTP/1.1" 200 593
::1 - - [19/Feb/2026:00:33:16 +0300] "GET /phpMyAdmin5/themes/pmahomme/img/bd_browse.png HTTP/1.1" 200 271
::1 - - [19/Feb/2026:00:33:16 +0300] "GET /phpMyAdmin5/themes/pmahomme/img/bd_select.png HTTP/1.1" 200 325
::1 - - [19/Feb/2026:00:33:16 +0300] "GET /phpMyAdmin5/themes/pmahomme/img/b_print.png HTTP/1.1" 200 639
::1 - - [19/Feb/2026:00:33:16 +0300] "GET /phpMyAdmin5/themes/pmahomme/img/b_tblanalyse.png HTTP/1.1" 200 152
::1 - - [19/Feb/2026:00:33:16 +0300] "POST /phpMyAdmin5/index.php?route=/navigation&ajax_request=1 HTTP/1.1" 200 79198
::1 - - [19/Feb/2026:00:33:20 +0300] "GET /phpMyAdmin5/index.php?route=/database/operations&server=1&db=sys&&ajax_request=true&ajax_page_request=true&_nocache=1771450400687213196&token=7236733c31594151785072706e7a7d3d HTTP/1.1" 200 5655
::1 - - [19/Feb/2026:00:33:20 +0300] "GET /phpMyAdmin5/js/dist/database/operations.js?v=5.1.2 HTTP/1.1" 200 5771
::1 - - [19/Feb/2026:00:33:20 +0300] "POST /phpMyAdmin5/index.php?route=/navigation&ajax_request=1 HTTP/1.1" 200 18400
::1 - - [19/Feb/2026:00:33:20 +0300] "GET /phpMyAdmin5/themes/pmahomme/img/b_views.png HTTP/1.1" 200 603
::1 - - [19/Feb/2026:00:33:20 +0300] "POST /phpMyAdmin5/index.php?route=/navigation&ajax_request=1 HTTP/1.1" 200 10368
::1 - - [19/Feb/2026:00:33:21 +0300] "GET /phpMyAdmin5/index.php?route=/database/structure&server=1&db=performance_schema&ajax_request=true&ajax_page_request=true&_nocache=1771450401718372737&token=7236733c31594151785072706e7a7d3d HTTP/1.1" 200 309355
::1 - - [19/Feb/2026:00:33:24 +0300] "GET /phpMyAdmin5/index.php?route=/database/structure&server=1&db=courseproject&ajax_request=true&ajax_page_request=true&_nocache=1771450404912982829&token=7236733c31594151785072706e7a7d3d HTTP/1.1" 200 21038
::1 - - [19/Feb/2026:00:33:26 +0300] "GET /phpMyAdmin5/index.php?route=/server/databases&server=1&ajax_request=true&ajax_page_request=true&_nocache=1771450406567112570&token=7236733c31594151785072706e7a7d3d HTTP/1.1" 200 94190
::1 - - [19/Feb/2026:00:33:31 +0300] "GET /phpMyAdmin5/index.php?route=/database/structure&server=1&db=courseproject&ajax_request=true&ajax_page_request=true&_nocache=1771450411270194310&token=7236733c31594151785072706e7a7d3d HTTP/1.1" 200 21038
::1 - - [19/Feb/2026:00:33:34 +0300] "GET /phpMyAdmin5/index.php?route=/server/databases&server=1&ajax_request=true&ajax_page_request=true&_nocache=1771450414583788667&token=7236733c31594151785072706e7a7d3d HTTP/1.1" 200 94190
::1 - - [19/Feb/2026:00:34:06 +0300] "GET /phpMyAdmin5/index.php?route=/database/structure&server=1&db=courseproject&ajax_request=true&ajax_page_request=true&_nocache=1771450446935326039&token=7236733c31594151785072706e7a7d3d HTTP/1.1" 200 21038
::1 - - [19/Feb/2026:00:34:24 +0300] "GET /phpMyAdmin5/themes/pmahomme/img/s_lock.png HTTP/1.1" 200 667
::1 - - [19/Feb/2026:00:34:30 +0300] "POST /phpMyAdmin5/index.php?route=/table/create HTTP/1.1" 200 475737
::1 - - [19/Feb/2026:00:34:31 +0300] "GET /phpMyAdmin5/js/vendor/jquery/jquery.uitablefilter.js?v=5.1.2 HTTP/1.1" 200 3139
::1 - - [19/Feb/2026:00:34:31 +0300] "GET /phpMyAdmin5/index.php?route=/recent-table&ajax_request=1&recent_table=1&no_debug=true&_nocache=1771450471029520937&token=7236733c31594151785072706e7a7d3d HTTP/1.1" 200 8736
::1 - - [19/Feb/2026:00:34:50 +0300] "GET /phpMyAdmin5/index.php?route=/database/structure&server=1&db=courseproject&ajax_request=true&ajax_page_request=true&_nocache=1771450490727165759&token=7236733c31594151785072706e7a7d3d HTTP/1.1" 200 21038
::1 - - [19/Feb/2026:00:34:57 +0300] "POST /phpMyAdmin5/index.php?route=/table/create HTTP/1.1" 200 475737
::1 - - [19/Feb/2026:00:34:57 +0300] "GET /phpMyAdmin5/index.php?route=/recent-table&ajax_request=1&recent_table=1&no_debug=true&_nocache=1771450497419437111&token=7236733c31594151785072706e7a7d3d HTTP/1.1" 200 8736
::1 - - [19/Feb/2026:00:35:04 +0300] "GET /phpMyAdmin5/index.php?route=/database/structure&server=1&db=courseproject&ajax_request=true&ajax_page_request=true&_nocache=1771450504658305453&token=7236733c31594151785072706e7a7d3d HTTP/1.1" 200 21038
::1 - - [19/Feb/2026:00:35:08 +0300] "GET /phpMyAdmin5/index.php?route=/database/routines&server=1&type=PROCEDURE&db=sys&ajax_request=true&ajax_page_request=true&_nocache=1771450508068458618&token=7236733c31594151785072706e7a7d3d HTTP/1.1" 200 70813
::1 - - [19/Feb/2026:00:35:09 +0300] "GET /phpMyAdmin5/themes/pmahomme/img/b_edit.png HTTP/1.1" 200 377
::1 - - [19/Feb/2026:00:35:09 +0300] "GET /phpMyAdmin5/themes/pmahomme/img/b_nextpage.png HTTP/1.1" 200 329
::1 - - [19/Feb/2026:00:35:09 +0300] "GET /phpMyAdmin5/themes/pmahomme/img/b_drop.png HTTP/1.1" 200 637
::1 - - [19/Feb/2026:00:35:09 +0300] "GET /phpMyAdmin5/themes/pmahomme/img/b_routine_add.png HTTP/1.1" 200 395
::1 - - [19/Feb/2026:00:35:10 +0300] "GET /phpMyAdmin5/index.php?route=/database/structure&server=1&tbl_type=table&db=sys&ajax_request=true&ajax_page_request=true&_nocache=1771450510034725529&token=7236733c31594151785072706e7a7d3d HTTP/1.1" 200 26325
::1 - - [19/Feb/2026:00:35:12 +0300] "GET /phpMyAdmin5/index.php?route=/database/structure&server=1&tbl_type=view&db=sys&ajax_request=true&ajax_page_request=true&_nocache=1771450512754718770&token=7236733c31594151785072706e7a7d3d HTTP/1.1" 200 446600
::1 - - [19/Feb/2026:00:35:15 +0300] "GET /phpMyAdmin5/index.php?route=/database/structure&server=1&db=information_schema&ajax_request=true&ajax_page_request=true&_nocache=1771450515273888880&token=7236733c31594151785072706e7a7d3d HTTP/1.1" 200 286709
::1 - - [19/Feb/2026:00:35:15 +0300] "POST /phpMyAdmin5/index.php?route=/navigation&ajax_request=1 HTTP/1.1" 200 47333
::1 - - [19/Feb/2026:00:35:15 +0300] "GET /phpMyAdmin5/themes/pmahomme/img/b_view_add.png HTTP/1.1" 200 678
::1 - - [19/Feb/2026:00:35:18 +0300] "GET /phpMyAdmin5/index.php?route=/database/structure&server=1&db=courseproject&ajax_request=true&ajax_page_request=true&_nocache=1771450518986900645&token=7236733c31594151785072706e7a7d3d HTTP/1.1" 200 21038
::1 - - [19/Feb/2026:00:35:20 +0300] "GET /phpMyAdmin5/index.php?route=/database/operations&server=1&db=courseproject&&ajax_request=true&ajax_page_request=true&_nocache=1771450520514281999&token=7236733c31594151785072706e7a7d3d HTTP/1.1" 200 101163
::1 - - [19/Feb/2026:00:35:22 +0300] "GET /phpMyAdmin5/index.php?route=/database/operations&server=1&db=courseproject&&ajax_request=true&ajax_page_request=true&_nocache=1771450522808476460&token=7236733c31594151785072706e7a7d3d HTTP/1.1" 200 101163
::1 - - [19/Feb/2026:00:35:57 +0300] "POST /phpMyAdmin5/index.php?route=/table/create HTTP/1.1" 200 475742
::1 - - [19/Feb/2026:00:35:57 +0300] "GET /phpMyAdmin5/index.php?route=/recent-table&ajax_request=1&recent_table=1&no_debug=true&_nocache=1771450557615844861&token=7236733c31594151785072706e7a7d3d HTTP/1.1" 200 8736
::1 - - [19/Feb/2026:11:19:45 +0300] "GET /MAMP/ HTTP/1.1" 200 3449
::1 - - [19/Feb/2026:11:19:46 +0300] "GET /MAMP/css/style.css?t=1771489185 HTTP/1.1" 200 6814
::1 - - [19/Feb/2026:11:19:48 +0300] "GET /MAMP/feed/needsUpdate.txt HTTP/1.1" 200 1
::1 - - [19/Feb/2026:11:19:56 +0300] "GET /MAMP/phpmyadmin.php?lang=en HTTP/1.1" 302 20
::1 - - [19/Feb/2026:11:19:56 +0300] "GET /phpMyAdmin/?lang=en HTTP/1.1" 302 20
::1 - - [19/Feb/2026:11:19:56 +0300] "GET /phpMyAdmin5/ HTTP/1.1" 200 127976
::1 - - [19/Feb/2026:11:19:56 +0300] "GET /phpMyAdmin5/themes/pmahomme/css/theme.css?v=5.1.2&nocache=685395328ltr&server=1 HTTP/1.1" 200 216144
::1 - - [19/Feb/2026:11:19:57 +0300] "GET /phpMyAdmin5/js/messages.php?l=ru&v=5.1.2 HTTP/1.1" 200 12915
::1 - - [19/Feb/2026:11:19:57 +0300] "POST /phpMyAdmin5/index.php?route=/config/get HTTP/1.1" 200 8566
::1 - - [19/Feb/2026:11:19:57 +0300] "POST /phpMyAdmin5/index.php?route=/navigation&ajax_request=1 HTTP/1.1" 200 17182
::1 - - [19/Feb/2026:11:19:57 +0300] "POST /phpMyAdmin5/index.php?route=/config/get HTTP/1.1" 200 8744
::1 - - [19/Feb/2026:11:19:57 +0300] "POST /phpMyAdmin5/index.php?route=/config/set HTTP/1.1" 200 8554
::1 - - [19/Feb/2026:11:20:03 +0300] "GET /phpMyAdmin5/index.php?route=/server/databases&server=1&ajax_request=true&ajax_page_request=true&_nocache=1771489203830635927&token=4d3043696823682d3b49503b50497430 HTTP/1.1" 200 94190
::1 - - [19/Feb/2026:11:20:26 +0300] "POST /phpMyAdmin5/index.php?route=/server/databases/create HTTP/1.1" 200 10205
::1 - - [19/Feb/2026:11:20:26 +0300] "POST /phpMyAdmin5/index.php?route=/navigation&ajax_request=1 HTTP/1.1" 200 18338
::1 - - [19/Feb/2026:11:20:26 +0300] "GET /phpMyAdmin5/index.php?route=/database/structure&db=user&ajax_request=true&ajax_page_request=true&_nocache=1771489226402465938&token=4d3043696823682d3b49503b50497430 HTTP/1.1" 200 20840
::1 - - [19/Feb/2026:11:20:26 +0300] "POST /phpMyAdmin5/index.php?route=/navigation&ajax_request=1 HTTP/1.1" 200 8632
::1 - - [19/Feb/2026:11:20:40 +0300] "POST /phpMyAdmin5/index.php?route=/table/create HTTP/1.1" 200 475548
::1 - - [19/Feb/2026:11:20:40 +0300] "GET /phpMyAdmin5/index.php?route=/recent-table&ajax_request=1&recent_table=1&no_debug=true&_nocache=1771489240895650195&token=4d3043696823682d3b49503b50497430 HTTP/1.1" 200 8736
::1 - - [19/Feb/2026:12:14:24 +0300] "POST /phpMyAdmin5/index.php?route=/ HTTP/1.1" 200 8707
::1 - - [19/Feb/2026:16:09:21 +0300] "GET /MAMP/ HTTP/1.1" 200 3449
::1 - - [19/Feb/2026:16:09:22 +0300] "GET /MAMP/css/style.css?t=1771506561 HTTP/1.1" 200 6814
::1 - - [19/Feb/2026:16:09:24 +0300] "GET /MAMP/feed/needsUpdate.txt HTTP/1.1" 200 1
::1 - - [19/Feb/2026:16:09:29 +0300] "GET /MAMP/phpmyadmin.php?lang=en HTTP/1.1" 302 20
::1 - - [19/Feb/2026:16:09:29 +0300] "GET /phpMyAdmin/?lang=en HTTP/1.1" 302 20
::1 - - [19/Feb/2026:16:09:29 +0300] "GET /phpMyAdmin5/ HTTP/1.1" 200 128743
::1 - - [19/Feb/2026:16:09:29 +0300] "GET /phpMyAdmin5/themes/pmahomme/css/theme.css?v=5.1.2&nocache=4173753325ltr&server=1 HTTP/1.1" 200 216144
::1 - - [19/Feb/2026:16:09:29 +0300] "GET /phpMyAdmin5/js/messages.php?l=ru&v=5.1.2 HTTP/1.1" 200 12915
::1 - - [19/Feb/2026:16:09:30 +0300] "POST /phpMyAdmin5/index.php?route=/config/get HTTP/1.1" 200 8566
::1 - - [19/Feb/2026:16:09:30 +0300] "POST /phpMyAdmin5/index.php?route=/navigation&ajax_request=1 HTTP/1.1" 200 18338
::1 - - [19/Feb/2026:16:09:30 +0300] "POST /phpMyAdmin5/index.php?route=/config/get HTTP/1.1" 200 8744
::1 - - [19/Feb/2026:16:09:30 +0300] "POST /phpMyAdmin5/index.php?route=/config/set HTTP/1.1" 200 8554
::1 - - [19/Feb/2026:16:09:37 +0300] "GET /phpMyAdmin5/index.php?route=/database/structure&server=1&db=courseproject&ajax_request=true&ajax_page_request=true&_nocache=1771506577984554883&token=4b6d59544b2476454f76462353373b7e HTTP/1.1" 200 21038
::1 - - [19/Feb/2026:16:09:38 +0300] "POST /phpMyAdmin5/index.php?route=/navigation&ajax_request=1 HTTP/1.1" 200 8632
::1 - - [19/Feb/2026:16:09:41 +0300] "GET /phpMyAdmin5/index.php?route=/database/sql&db=courseproject&ajax_request=true&ajax_page_request=true&_nocache=1771506581009230818&token=4b6d59544b2476454f76462353373b7e HTTP/1.1" 200 37886
::1 - - [19/Feb/2026:16:09:41 +0300] "GET /phpMyAdmin5/js/vendor/stickyfill.min.js?v=5.1.2 HTTP/1.1" 200 6500
::1 - - [19/Feb/2026:16:09:41 +0300] "GET /phpMyAdmin5/js/dist/sql.js?v=5.1.2 HTTP/1.1" 200 35847
::1 - - [19/Feb/2026:16:09:41 +0300] "GET /phpMyAdmin5/js/dist/makegrid.js?v=5.1.2 HTTP/1.1" 200 79735
::1 - - [19/Feb/2026:16:09:43 +0300] "GET /phpMyAdmin5/index.php?route=/database/structure&db=courseproject&ajax_request=true&ajax_page_request=true&_nocache=1771506583496395642&token=4b6d59544b2476454f76462353373b7e HTTP/1.1" 200 21038
::1 - - [19/Feb/2026:16:09:44 +0300] "GET /phpMyAdmin5/index.php?route=/database/search&db=courseproject&ajax_request=true&ajax_page_request=true&_nocache=1771506584279463783&token=4b6d59544b2476454f76462353373b7e HTTP/1.1" 200 14639
::1 - - [19/Feb/2026:16:09:44 +0300] "GET /phpMyAdmin5/js/dist/database/search.js?v=5.1.2 HTTP/1.1" 200 7521
::1 - - [19/Feb/2026:16:09:45 +0300] "GET /phpMyAdmin5/index.php?route=/database/multi-table-query&db=courseproject&ajax_request=true&ajax_page_request=true&_nocache=1771506585370797483&token=4b6d59544b2476454f76462353373b7e HTTP/1.1" 200 40999
::1 - - [19/Feb/2026:16:09:45 +0300] "GET /phpMyAdmin5/js/dist/database/query_generator.js?v=5.1.2 HTTP/1.1" 200 4419
::1 - - [19/Feb/2026:16:09:45 +0300] "GET /phpMyAdmin5/js/dist/database/multi_table_query.js?v=5.1.2 HTTP/1.1" 200 7330
::1 - - [19/Feb/2026:16:09:45 +0300] "GET /phpMyAdmin5/js/vendor/jquery/jquery.md5.js?v=5.1.2 HTTP/1.1" 200 11559
::1 - - [19/Feb/2026:16:09:45 +0300] "GET /phpMyAdmin5/themes/pmahomme/jquery/images/ui-icons_222222_256x240.png HTTP/1.1" 200 3765
::1 - - [19/Feb/2026:16:09:46 +0300] "GET /phpMyAdmin5/index.php?route=/database/export&db=courseproject&ajax_request=true&ajax_page_request=true&_nocache=177150658657564076&token=4b6d59544b2476454f76462353373b7e HTTP/1.1" 200 9369
::1 - - [19/Feb/2026:16:09:46 +0300] "GET /phpMyAdmin5/themes/pmahomme/img/s_error.png HTTP/1.1" 200 614
::1 - - [19/Feb/2026:16:09:46 +0300] "GET /phpMyAdmin5/js/dist/export.js?v=5.1.2 HTTP/1.1" 200 33264
::1 - - [19/Feb/2026:16:09:47 +0300] "GET /phpMyAdmin5/index.php?route=/database/import&db=courseproject&ajax_request=true&ajax_page_request=true&_nocache=177150658774221669&token=4b6d59544b2476454f76462353373b7e HTTP/1.1" 200 63288
::1 - - [19/Feb/2026:16:09:48 +0300] "GET /phpMyAdmin5/js/dist/import.js?v=5.1.2 HTTP/1.1" 200 6161
::1 - - [19/Feb/2026:16:09:51 +0300] "GET /phpMyAdmin5/index.php?route=/database/structure&db=courseproject&ajax_request=true&ajax_page_request=true&_nocache=1771506591384866401&token=4b6d59544b2476454f76462353373b7e HTTP/1.1" 200 21038
::1 - - [19/Feb/2026:16:10:00 +0300] "POST /phpMyAdmin5/index.php?route=/table/create HTTP/1.1" 200 475742
::1 - - [19/Feb/2026:16:10:00 +0300] "GET /phpMyAdmin5/index.php?route=/recent-table&ajax_request=1&recent_table=1&no_debug=true&_nocache=1771506600824307853&token=4b6d59544b2476454f76462353373b7e HTTP/1.1" 200 8736
::1 - - [19/Feb/2026:16:33:55 +0300] "POST /phpMyAdmin5/index.php?route=/ HTTP/1.1" 200 8887
::1 - - [19/Feb/2026:16:35:27 +0300] "POST /phpMyAdmin5/index.php?route=/table/indexes HTTP/1.1" 200 17279
::1 - - [19/Feb/2026:16:35:27 +0300] "GET /phpMyAdmin5/themes/pmahomme/jquery/images/ui-bg_highlight-soft_75_cccccc_1x100.png HTTP/1.1" 200 122
::1 - - [19/Feb/2026:16:35:27 +0300] "GET /phpMyAdmin5/themes/pmahomme/jquery/images/ui-bg_glass_75_e6e6e6_1x400.png HTTP/1.1" 200 121
::1 - - [19/Feb/2026:16:35:27 +0300] "GET /phpMyAdmin5/themes/pmahomme/jquery/images/ui-icons_888888_256x240.png HTTP/1.1" 200 3765
::1 - - [19/Feb/2026:16:35:27 +0300] "GET /phpMyAdmin5/themes/pmahomme/img/s_sortable.png HTTP/1.1" 200 204
::1 - - [19/Feb/2026:16:35:48 +0300] "GET /phpMyAdmin5/themes/pmahomme/jquery/images/ui-bg_glass_75_dadada_1x400.png HTTP/1.1" 200 126
::1 - - [19/Feb/2026:16:35:49 +0300] "GET /phpMyAdmin5/themes/pmahomme/jquery/images/ui-bg_glass_65_ffffff_1x400.png HTTP/1.1" 200 73
::1 - - [19/Feb/2026:16:38:17 +0300] "POST /phpMyAdmin5/index.php?route=/table/structure/reserved-word-check HTTP/1.1" 200 269
::1 - - [19/Feb/2026:16:38:17 +0300] "POST /phpMyAdmin5/index.php?route=/table/create HTTP/1.1" 200 29144
::1 - - [19/Feb/2026:16:38:18 +0300] "GET /phpMyAdmin5/index.php?route=/database/structure&server=1&db=courseproject&table=userss&ajax_request=true&ajax_page_request=true&_nocache=1771508298004599051&token=4b6d59544b2476454f76462353373b7e HTTP/1.1" 200 35638
::1 - - [19/Feb/2026:16:38:18 +0300] "GET /phpMyAdmin5/themes/pmahomme/img/s_tbl.png HTTP/1.1" 200 645
::1 - - [19/Feb/2026:16:38:18 +0300] "GET /phpMyAdmin5/themes/pmahomme/img/b_insrow.png HTTP/1.1" 200 157
::1 - - [19/Feb/2026:16:38:18 +0300] "GET /phpMyAdmin5/themes/pmahomme/img/b_tblexport.png HTTP/1.1" 200 514
::1 - - [19/Feb/2026:16:38:18 +0300] "GET /phpMyAdmin5/themes/pmahomme/img/b_tblimport.png HTTP/1.1" 200 556
::1 - - [19/Feb/2026:16:38:18 +0300] "GET /phpMyAdmin5/themes/pmahomme/img/bd_empty.png HTTP/1.1" 200 327
::1 - - [19/Feb/2026:16:38:18 +0300] "GET /phpMyAdmin5/index.php?route=/table/structure&server=1&db=courseproject&token=4b6d59544b2476454f76462353373b7e&goto=index.php%3Froute%3D%2Fdatabase%2Fstructure&table=userss&ajax_request=true&ajax_page_request=true&_nocache=1771508298007399711&token=4b6d59544b2476454f76462353373b7e HTTP/1.1" 200 116622
::1 - - [19/Feb/2026:16:38:18 +0300] "GET /phpMyAdmin5/themes/pmahomme/img/bd_primary.png HTTP/1.1" 200 294
::1 - - [19/Feb/2026:16:38:18 +0300] "GET /phpMyAdmin5/themes/pmahomme/img/b_primary.png HTTP/1.1" 200 536
::1 - - [19/Feb/2026:16:38:18 +0300] "GET /phpMyAdmin5/themes/pmahomme/img/b_unique.png HTTP/1.1" 200 583
::1 - - [19/Feb/2026:16:38:18 +0300] "GET /phpMyAdmin5/themes/pmahomme/img/b_index.png HTTP/1.1" 200 643
::1 - - [19/Feb/2026:16:38:18 +0300] "GET /phpMyAdmin5/themes/pmahomme/img/b_spatial.png HTTP/1.1" 200 376
::1 - - [19/Feb/2026:16:38:18 +0300] "GET /phpMyAdmin5/themes/pmahomme/img/b_ftext.png HTTP/1.1" 200 550
::1 - - [19/Feb/2026:16:38:18 +0300] "GET /phpMyAdmin5/themes/pmahomme/img/b_move.png HTTP/1.1" 200 381
::1 - - [19/Feb/2026:16:38:18 +0300] "GET /phpMyAdmin5/themes/pmahomme/img/normalize.png HTTP/1.1" 200 505
::1 - - [19/Feb/2026:16:38:18 +0300] "GET /phpMyAdmin5/themes/pmahomme/img/b_rename.svg HTTP/1.1" 200 881
::1 - - [19/Feb/2026:16:38:18 +0300] "GET /phpMyAdmin5/themes/pmahomme/img/b_tbloptimize.png HTTP/1.1" 200 153
::1 - - [19/Feb/2026:16:38:18 +0300] "GET /phpMyAdmin5/js/dist/table/structure.js?v=5.1.2 HTTP/1.1" 200 17577
::1 - - [19/Feb/2026:16:38:18 +0300] "POST /phpMyAdmin5/index.php?route=/navigation&ajax_request=1 HTTP/1.1" 200 20006
::1 - - [19/Feb/2026:16:38:18 +0300] "GET /phpMyAdmin5/index.php?route=/recent-table&ajax_request=1&recent_table=1&no_debug=true&_nocache=1771508298203270862&token=4b6d59544b2476454f76462353373b7e HTTP/1.1" 200 8689
::1 - - [19/Feb/2026:16:38:18 +0300] "GET /phpMyAdmin5/index.php?route=/recent-table&ajax_request=1&recent_table=1&no_debug=true&_nocache=1771508298441533339&token=4b6d59544b2476454f76462353373b7e HTTP/1.1" 200 8689
::1 - - [19/Feb/2026:16:38:37 +0300] "GET /phpMyAdmin5/index.php?route=/table/create&server=1&db=courseproject&ajax_request=true&ajax_page_request=true&_nocache=1771508317804838393&token=4b6d59544b2476454f76462353373b7e HTTP/1.1" 200 475580
::1 - - [19/Feb/2026:16:38:40 +0300] "GET /phpMyAdmin5/index.php?route=/database/structure&server=1&db=courseproject&ajax_request=true&ajax_page_request=true&_nocache=1771508320043381747&token=4b6d59544b2476454f76462353373b7e HTTP/1.1" 200 36158
::1 - - [19/Feb/2026:16:39:38 +0300] "GET /phpMyAdmin5/index.php?route=/sql&server=1&db=courseproject&table=userss&pos=0&ajax_request=true&ajax_page_request=true&_nocache=1771508378205841272&token=4b6d59544b2476454f76462353373b7e HTTP/1.1" 200 39369
::1 - - [19/Feb/2026:16:39:38 +0300] "GET /phpMyAdmin5/js/dist/multi_column_sort.js?v=5.1.2 HTTP/1.1" 200 1296
::1 - - [19/Feb/2026:16:39:38 +0300] "GET /phpMyAdmin5/js/dist/gis_data_editor.js?v=5.1.2 HTTP/1.1" 200 13782
::1 - - [19/Feb/2026:16:39:38 +0300] "GET /phpMyAdmin5/index.php?route=/recent-table&ajax_request=1&recent_table=1&no_debug=true&_nocache=1771508378501543982&token=4b6d59544b2476454f76462353373b7e HTTP/1.1" 200 8690
::1 - - [19/Feb/2026:17:01:33 +0300] "GET /phpMyAdmin5/index.php?route=/sql&server=1&db=courseproject&table=userss&pos=0&ajax_request=true&ajax_page_request=true&_nocache=1771509693286658486&token=4b6d59544b2476454f76462353373b7e HTTP/1.1" 200 39370
::1 - - [19/Feb/2026:17:01:33 +0300] "GET /phpMyAdmin5/index.php?route=/recent-table&ajax_request=1&recent_table=1&no_debug=true&_nocache=1771509693487843048&token=4b6d59544b2476454f76462353373b7e HTTP/1.1" 200 8690
::1 - - [19/Feb/2026:17:01:34 +0300] "GET /phpMyAdmin5/index.php?route=/sql&server=1&db=courseproject&table=userss&pos=0&ajax_request=true&ajax_page_request=true&_nocache=1771509694263651601&token=4b6d59544b2476454f76462353373b7e HTTP/1.1" 200 39369
::1 - - [19/Feb/2026:17:01:34 +0300] "GET /phpMyAdmin5/index.php?route=/recent-table&ajax_request=1&recent_table=1&no_debug=true&_nocache=1771509694428133566&token=4b6d59544b2476454f76462353373b7e HTTP/1.1" 200 8690
::1 - - [19/Feb/2026:17:01:34 +0300] "GET /phpMyAdmin5/index.php?route=/sql&server=1&db=courseproject&table=userss&pos=0&ajax_request=true&ajax_page_request=true&_nocache=1771509694830283785&token=4b6d59544b2476454f76462353373b7e HTTP/1.1" 200 39370
::1 - - [19/Feb/2026:17:01:34 +0300] "GET /phpMyAdmin5/index.php?route=/recent-table&ajax_request=1&recent_table=1&no_debug=true&_nocache=1771509694995736852&token=4b6d59544b2476454f76462353373b7e HTTP/1.1" 200 8690
::1 - - [19/Feb/2026:17:02:33 +0300] "GET /phpMyAdmin5/index.php?route=/table/structure&db=courseproject&table=userss&ajax_request=true&ajax_page_request=true&_nocache=1771509753151663081&token=4b6d59544b2476454f76462353373b7e HTTP/1.1" 200 116623
::1 - - [19/Feb/2026:17:02:33 +0300] "GET /phpMyAdmin5/index.php?route=/recent-table&ajax_request=1&recent_table=1&no_debug=true&_nocache=1771509753341795943&token=4b6d59544b2476454f76462353373b7e HTTP/1.1" 200 8690
::1 - - [19/Feb/2026:17:26:36 +0300] "POST /phpMyAdmin5/index.php?route=/ HTTP/1.1" 200 8888
::1 - - [19/Feb/2026:20:23:01 +0300] "GET /MAMP/ HTTP/1.1" 200 3450
::1 - - [19/Feb/2026:20:23:02 +0300] "GET /MAMP/css/style.css?t=1771521781 HTTP/1.1" 200 6814
::1 - - [19/Feb/2026:20:23:04 +0300] "GET /MAMP/feed/needsUpdate.txt HTTP/1.1" 200 1
::1 - - [19/Feb/2026:20:23:12 +0300] "GET /MAMP/phpmyadmin.php?lang=en HTTP/1.1" 302 20
::1 - - [19/Feb/2026:20:23:12 +0300] "GET /phpMyAdmin/?lang=en HTTP/1.1" 302 20
::1 - - [19/Feb/2026:20:23:12 +0300] "GET /phpMyAdmin5/ HTTP/1.1" 200 128796
::1 - - [19/Feb/2026:20:23:13 +0300] "GET /phpMyAdmin5/themes/pmahomme/css/theme.css?v=5.1.2&nocache=4016787269ltr&server=1 HTTP/1.1" 200 216144
::1 - - [19/Feb/2026:20:23:13 +0300] "GET /phpMyAdmin5/js/messages.php?l=ru&v=5.1.2 HTTP/1.1" 200 12915
::1 - - [19/Feb/2026:20:23:13 +0300] "POST /phpMyAdmin5/index.php?route=/config/get HTTP/1.1" 200 8567
::1 - - [19/Feb/2026:20:23:13 +0300] "POST /phpMyAdmin5/index.php?route=/navigation&ajax_request=1 HTTP/1.1" 200 18292
::1 - - [19/Feb/2026:20:23:13 +0300] "POST /phpMyAdmin5/index.php?route=/config/get HTTP/1.1" 200 8749
::1 - - [19/Feb/2026:20:23:13 +0300] "POST /phpMyAdmin5/index.php?route=/config/set HTTP/1.1" 200 8555
::1 - - [19/Feb/2026:20:23:20 +0300] "GET /phpMyAdmin5/index.php?route=/database/structure&server=1&db=user&ajax_request=true&ajax_page_request=true&_nocache=1771521800171773405&token=4b6d59544b2476454f76462353373b7e HTTP/1.1" 200 20841
::1 - - [19/Feb/2026:20:23:20 +0300] "POST /phpMyAdmin5/index.php?route=/navigation&ajax_request=1 HTTP/1.1" 200 8633
::1 - - [19/Feb/2026:20:23:22 +0300] "GET /phpMyAdmin5/index.php?route=/database/structure&server=1&db=courseproject&ajax_request=true&ajax_page_request=true&_nocache=1771521802475979813&token=4b6d59544b2476454f76462353373b7e HTTP/1.1" 200 36159
::1 - - [19/Feb/2026:20:23:22 +0300] "POST /phpMyAdmin5/index.php?route=/navigation&ajax_request=1 HTTP/1.1" 200 10413
::1 - - [19/Feb/2026:20:27:26 +0300] "POST /phpMyAdmin5/index.php?route=/ HTTP/1.1" 200 8888
