[18-Feb-2026 21:23:56 UTC] PHP Warning:  PHP Startup: Unable to load dynamic library 'php_mysqli.dll' (tried: D:\MAMP\bin\php\php8.3.1\ext\php_mysqli.dll (Не найден указанный модуль), D:\MAMP\bin\php\php8.3.1\ext\php_php_mysqli.dll.dll (Не найден указанный модуль)) in Unknown on line 0
[18-Feb-2026 21:23:57 UTC] PHP Warning:  PHP Startup: Unable to load dynamic library 'php_mysqli.dll' (tried: D:\MAMP\bin\php\php8.3.1\ext\php_mysqli.dll (Не найден указанный модуль), D:\MAMP\bin\php\php8.3.1\ext\php_php_mysqli.dll.dll (Не найден указанный модуль)) in Unknown on line 0
[18-Feb-2026 21:23:59 UTC] PHP Warning:  mysqli_connect(): (HY000/1045): Access denied for user 'root'@'localhost' (using password: NO) in C:\Users\76813\AppData\Roaming\Appsolute\MAMP\pscripts\file-519381a5-bbab-47bc-8113-299d992b14f0.php on line 3
[18-Feb-2026 21:23:59 UTC] PHP Warning:  mysqli_query() expects parameter 1 to be mysqli, boolean given in C:\Users\76813\AppData\Roaming\Appsolute\MAMP\pscripts\file-519381a5-bbab-47bc-8113-299d992b14f0.php on line 12
[18-Feb-2026 21:23:59 UTC] PHP Warning:  mysqli_query() expects parameter 1 to be mysqli, boolean given in C:\Users\76813\AppData\Roaming\Appsolute\MAMP\pscripts\file-519381a5-bbab-47bc-8113-299d992b14f0.php on line 13
[18-Feb-2026 21:23:59 UTC] PHP Warning:  mysqli_fetch_assoc() expects parameter 1 to be mysqli_result, null given in C:\Users\76813\AppData\Roaming\Appsolute\MAMP\pscripts\file-519381a5-bbab-47bc-8113-299d992b14f0.php on line 16
[18-Feb-2026 21:23:59 UTC] PHP Warning:  mysqli_close() expects parameter 1 to be mysqli, boolean given in C:\Users\76813\AppData\Roaming\Appsolute\MAMP\pscripts\file-519381a5-bbab-47bc-8113-299d992b14f0.php on line 21
[18-Feb-2026 21:38:52 UTC] PHP Warning:  mysqli_connect(): (HY000/1045): Access denied for user 'root'@'localhost' (using password: NO) in C:\Users\76813\AppData\Roaming\Appsolute\MAMP\pscripts\file-e611d6ff-df55-45bb-bf49-77431712abb0.php on line 3
[18-Feb-2026 21:38:52 UTC] PHP Warning:  mysqli_query() expects parameter 1 to be mysqli, boolean given in C:\Users\76813\AppData\Roaming\Appsolute\MAMP\pscripts\file-e611d6ff-df55-45bb-bf49-77431712abb0.php on line 12
[18-Feb-2026 21:38:52 UTC] PHP Warning:  mysqli_query() expects parameter 1 to be mysqli, boolean given in C:\Users\76813\AppData\Roaming\Appsolute\MAMP\pscripts\file-e611d6ff-df55-45bb-bf49-77431712abb0.php on line 13
[18-Feb-2026 21:38:52 UTC] PHP Warning:  mysqli_fetch_assoc() expects parameter 1 to be mysqli_result, null given in C:\Users\76813\AppData\Roaming\Appsolute\MAMP\pscripts\file-e611d6ff-df55-45bb-bf49-77431712abb0.php on line 16
[18-Feb-2026 21:38:52 UTC] PHP Warning:  mysqli_close() expects parameter 1 to be mysqli, boolean given in C:\Users\76813\AppData\Roaming\Appsolute\MAMP\pscripts\file-e611d6ff-df55-45bb-bf49-77431712abb0.php on line 21
[19-Feb-2026 08:19:37 UTC] PHP Warning:  PHP Startup: Unable to load dynamic library 'php_mysqli.dll' (tried: D:\MAMP\bin\php\php8.3.1\ext\php_mysqli.dll (Не найден указанный модуль), D:\MAMP\bin\php\php8.3.1\ext\php_php_mysqli.dll.dll (Не найден указанный модуль)) in Unknown on line 0
[19-Feb-2026 08:19:39 UTC] PHP Warning:  PHP Startup: Unable to load dynamic library 'php_mysqli.dll' (tried: D:\MAMP\bin\php\php8.3.1\ext\php_mysqli.dll (Не найден указанный модуль), D:\MAMP\bin\php\php8.3.1\ext\php_php_mysqli.dll.dll (Не найден указанный модуль)) in Unknown on line 0
[19-Feb-2026 08:19:40 UTC] PHP Warning:  mysqli_connect(): (HY000/1045): Access denied for user 'root'@'localhost' (using password: NO) in C:\Users\76813\AppData\Roaming\Appsolute\MAMP\pscripts\file-0b886060-e76d-4d0b-903c-5ea9f0e507be.php on line 3
[19-Feb-2026 08:19:40 UTC] PHP Warning:  mysqli_query() expects parameter 1 to be mysqli, boolean given in C:\Users\76813\AppData\Roaming\Appsolute\MAMP\pscripts\file-0b886060-e76d-4d0b-903c-5ea9f0e507be.php on line 12
[19-Feb-2026 08:19:40 UTC] PHP Warning:  mysqli_query() expects parameter 1 to be mysqli, boolean given in C:\Users\76813\AppData\Roaming\Appsolute\MAMP\pscripts\file-0b886060-e76d-4d0b-903c-5ea9f0e507be.php on line 13
[19-Feb-2026 08:19:40 UTC] PHP Warning:  mysqli_fetch_assoc() expects parameter 1 to be mysqli_result, null given in C:\Users\76813\AppData\Roaming\Appsolute\MAMP\pscripts\file-0b886060-e76d-4d0b-903c-5ea9f0e507be.php on line 16
[19-Feb-2026 08:19:40 UTC] PHP Warning:  mysqli_close() expects parameter 1 to be mysqli, boolean given in C:\Users\76813\AppData\Roaming\Appsolute\MAMP\pscripts\file-0b886060-e76d-4d0b-903c-5ea9f0e507be.php on line 21
[19-Feb-2026 13:07:43 UTC] PHP Warning:  PHP Startup: Unable to load dynamic library 'php_mysqli.dll' (tried: D:\MAMP\bin\php\php8.3.1\ext\php_mysqli.dll (Не найден указанный модуль), D:\MAMP\bin\php\php8.3.1\ext\php_php_mysqli.dll.dll (Не найден указанный модуль)) in Unknown on line 0
[19-Feb-2026 13:07:44 UTC] PHP Warning:  PHP Startup: Unable to load dynamic library 'php_mysqli.dll' (tried: D:\MAMP\bin\php\php8.3.1\ext\php_mysqli.dll (Не найден указанный модуль), D:\MAMP\bin\php\php8.3.1\ext\php_php_mysqli.dll.dll (Не найден указанный модуль)) in Unknown on line 0
[19-Feb-2026 13:07:46 UTC] PHP Warning:  mysqli_connect(): (HY000/1045): Access denied for user 'root'@'localhost' (using password: NO) in C:\Users\76813\AppData\Roaming\Appsolute\MAMP\pscripts\file-16542c41-a207-4d5f-a18d-9d7eb739d2e5.php on line 3
[19-Feb-2026 13:07:46 UTC] PHP Warning:  mysqli_query() expects parameter 1 to be mysqli, boolean given in C:\Users\76813\AppData\Roaming\Appsolute\MAMP\pscripts\file-16542c41-a207-4d5f-a18d-9d7eb739d2e5.php on line 12
[19-Feb-2026 13:07:46 UTC] PHP Warning:  mysqli_query() expects parameter 1 to be mysqli, boolean given in C:\Users\76813\AppData\Roaming\Appsolute\MAMP\pscripts\file-16542c41-a207-4d5f-a18d-9d7eb739d2e5.php on line 13
[19-Feb-2026 13:07:46 UTC] PHP Warning:  mysqli_fetch_assoc() expects parameter 1 to be mysqli_result, null given in C:\Users\76813\AppData\Roaming\Appsolute\MAMP\pscripts\file-16542c41-a207-4d5f-a18d-9d7eb739d2e5.php on line 16
[19-Feb-2026 13:07:46 UTC] PHP Warning:  mysqli_close() expects parameter 1 to be mysqli, boolean given in C:\Users\76813\AppData\Roaming\Appsolute\MAMP\pscripts\file-16542c41-a207-4d5f-a18d-9d7eb739d2e5.php on line 21
[22-Feb-2026 19:43:39 UTC] PHP Warning:  PHP Startup: Unable to load dynamic library 'php_mysqli.dll' (tried: D:\MAMP\bin\php\php8.3.1\ext\php_mysqli.dll (Не найден указанный модуль), D:\MAMP\bin\php\php8.3.1\ext\php_php_mysqli.dll.dll (Не найден указанный модуль)) in Unknown on line 0
[22-Feb-2026 19:43:40 UTC] PHP Warning:  PHP Startup: Unable to load dynamic library 'php_mysqli.dll' (tried: D:\MAMP\bin\php\php8.3.1\ext\php_mysqli.dll (Не найден указанный модуль), D:\MAMP\bin\php\php8.3.1\ext\php_php_mysqli.dll.dll (Не найден указанный модуль)) in Unknown on line 0
[22-Feb-2026 19:43:42 UTC] PHP Warning:  mysqli_connect(): (HY000/1045): Access denied for user 'root'@'localhost' (using password: NO) in C:\Users\76813\AppData\Roaming\Appsolute\MAMP\pscripts\file-afd8e95c-4b45-49ed-b830-4c576903eb44.php on line 3
[22-Feb-2026 19:43:42 UTC] PHP Warning:  mysqli_query() expects parameter 1 to be mysqli, boolean given in C:\Users\76813\AppData\Roaming\Appsolute\MAMP\pscripts\file-afd8e95c-4b45-49ed-b830-4c576903eb44.php on line 12
[22-Feb-2026 19:43:42 UTC] PHP Warning:  mysqli_query() expects parameter 1 to be mysqli, boolean given in C:\Users\76813\AppData\Roaming\Appsolute\MAMP\pscripts\file-afd8e95c-4b45-49ed-b830-4c576903eb44.php on line 13
[22-Feb-2026 19:43:42 UTC] PHP Warning:  mysqli_fetch_assoc() expects parameter 1 to be mysqli_result, null given in C:\Users\76813\AppData\Roaming\Appsolute\MAMP\pscripts\file-afd8e95c-4b45-49ed-b830-4c576903eb44.php on line 16
[22-Feb-2026 19:43:42 UTC] PHP Warning:  mysqli_close() expects parameter 1 to be mysqli, boolean given in C:\Users\76813\AppData\Roaming\Appsolute\MAMP\pscripts\file-afd8e95c-4b45-49ed-b830-4c576903eb44.php on line 21
[09-Mar-2026 08:04:44 UTC] PHP Warning:  PHP Startup: Unable to load dynamic library 'php_mysqli.dll' (tried: D:\MAMP\bin\php\php8.3.1\ext\php_mysqli.dll (Не найден указанный модуль), D:\MAMP\bin\php\php8.3.1\ext\php_php_mysqli.dll.dll (Не найден указанный модуль)) in Unknown on line 0
[09-Mar-2026 08:04:45 UTC] PHP Warning:  PHP Startup: Unable to load dynamic library 'php_mysqli.dll' (tried: D:\MAMP\bin\php\php8.3.1\ext\php_mysqli.dll (Не найден указанный модуль), D:\MAMP\bin\php\php8.3.1\ext\php_php_mysqli.dll.dll (Не найден указанный модуль)) in Unknown on line 0
[09-Mar-2026 08:04:47 UTC] PHP Warning:  mysqli_connect(): (HY000/1045): Access denied for user 'root'@'localhost' (using password: NO) in C:\Users\76813\AppData\Roaming\Appsolute\MAMP\pscripts\file-56c5875e-539f-4d78-893f-32e72b626285.php on line 3
[09-Mar-2026 08:04:47 UTC] PHP Warning:  mysqli_query() expects parameter 1 to be mysqli, boolean given in C:\Users\76813\AppData\Roaming\Appsolute\MAMP\pscripts\file-56c5875e-539f-4d78-893f-32e72b626285.php on line 12
[09-Mar-2026 08:04:47 UTC] PHP Warning:  mysqli_query() expects parameter 1 to be mysqli, boolean given in C:\Users\76813\AppData\Roaming\Appsolute\MAMP\pscripts\file-56c5875e-539f-4d78-893f-32e72b626285.php on line 13
[09-Mar-2026 08:04:47 UTC] PHP Warning:  mysqli_fetch_assoc() expects parameter 1 to be mysqli_result, null given in C:\Users\76813\AppData\Roaming\Appsolute\MAMP\pscripts\file-56c5875e-539f-4d78-893f-32e72b626285.php on line 16
[09-Mar-2026 08:04:47 UTC] PHP Warning:  mysqli_close() expects parameter 1 to be mysqli, boolean given in C:\Users\76813\AppData\Roaming\Appsolute\MAMP\pscripts\file-56c5875e-539f-4d78-893f-32e72b626285.php on line 21
[14-Apr-2026 08:58:19 UTC] PHP Warning:  PHP Startup: Unable to load dynamic library 'php_mysqli.dll' (tried: D:\MAMP\bin\php\php8.3.1\ext\php_mysqli.dll (Не найден указанный модуль), D:\MAMP\bin\php\php8.3.1\ext\php_php_mysqli.dll.dll (Не найден указанный модуль)) in Unknown on line 0
[14-Apr-2026 08:58:21 UTC] PHP Warning:  PHP Startup: Unable to load dynamic library 'php_mysqli.dll' (tried: D:\MAMP\bin\php\php8.3.1\ext\php_mysqli.dll (Не найден указанный модуль), D:\MAMP\bin\php\php8.3.1\ext\php_php_mysqli.dll.dll (Не найден указанный модуль)) in Unknown on line 0
[14-Apr-2026 08:58:22 UTC] PHP Warning:  mysqli_connect(): (HY000/1045): Access denied for user 'root'@'localhost' (using password: NO) in C:\Users\76813\AppData\Roaming\Appsolute\MAMP\pscripts\file-365c31d2-3d7f-4ec3-bfa4-fc0cf0227d0d.php on line 3
[14-Apr-2026 08:58:22 UTC] PHP Warning:  mysqli_query() expects parameter 1 to be mysqli, boolean given in C:\Users\76813\AppData\Roaming\Appsolute\MAMP\pscripts\file-365c31d2-3d7f-4ec3-bfa4-fc0cf0227d0d.php on line 12
[14-Apr-2026 08:58:22 UTC] PHP Warning:  mysqli_query() expects parameter 1 to be mysqli, boolean given in C:\Users\76813\AppData\Roaming\Appsolute\MAMP\pscripts\file-365c31d2-3d7f-4ec3-bfa4-fc0cf0227d0d.php on line 13
[14-Apr-2026 08:58:22 UTC] PHP Warning:  mysqli_fetch_assoc() expects parameter 1 to be mysqli_result, null given in C:\Users\76813\AppData\Roaming\Appsolute\MAMP\pscripts\file-365c31d2-3d7f-4ec3-bfa4-fc0cf0227d0d.php on line 16
[14-Apr-2026 08:58:22 UTC] PHP Warning:  mysqli_close() expects parameter 1 to be mysqli, boolean given in C:\Users\76813\AppData\Roaming\Appsolute\MAMP\pscripts\file-365c31d2-3d7f-4ec3-bfa4-fc0cf0227d0d.php on line 21
